../Core/Src/main.c:61:5:__io_putchar	24	static
../Core/Src/main.c:94:5:main	352	static
../Core/Src/main.c:202:6:SystemClock_Config	72	static
../Core/Src/main.c:239:13:MX_I2C1_Init	8	static
../Core/Src/main.c:273:13:MX_SPI1_Init	8	static
../Core/Src/main.c:311:13:MX_TIM1_Init	32	static
../Core/Src/main.c:357:13:MX_USART1_UART_Init	8	static
../Core/Src/main.c:390:13:MX_GPIO_Init	40	static
../Core/Src/main.c:446:6:HAL_GPIO_EXTI_Callback	16	static
../Core/Src/main.c:465:6:Error_Handler	4	static,ignoring_inline_asm
